// Jest Snapshot v1, https://goo.gl/fbAQLP

exports[`<ErrorPage /> tests: should render <ErrorPage /> correctly 1`] = `
<div
  className="w-full h-screen bg-gray-50 flex items-center justify-center "
>
  <div
    className="flex flex-col gap-1 md:gap-3 rounded-full bg-white p-10 md:p-20 text-center items-center shadow-sm"
  >
    <a
      href="/"
      onClick={[Function]}
    >
      <img
        className="mb-7 md:mb-11 w-44 md:w-275"
        src="logo.png"
      />
    </a>
    <div
      className="flex flex-col justify-center items-center"
    >
      <svg
        aria-hidden="true"
        fill="currentColor"
        fontSize={60}
        height="1em"
        stroke="currentColor"
        strokeWidth="0"
        style={
          Object {
            "color": undefined,
          }
        }
        viewBox="0 0 20 20"
        width="1em"
        xmlns="http://www.w3.org/2000/svg"
      >
        <path
          clipRule="evenodd"
          d="M8.257 3.099c.765-1.36 2.722-1.36 3.486 0l5.58 9.92c.75 1.334-.213 2.98-1.742 2.98H4.42c-1.53 0-2.493-1.646-1.743-2.98l5.58-9.92zM11 13a1 1 0 11-2 0 1 1 0 012 0zm-1-8a1 1 0 00-1 1v3a1 1 0 002 0V6a1 1 0 00-1-1z"
          fillRule="evenodd"
        />
      </svg>
      <h3>
        Page Not Found
      </h3>
    </div>
    <p>
      Sorry, the page you are looking
      <br />
      for could not be found.
    </p>
    <a
      className="font-semibold underline"
      href="/"
      onClick={[Function]}
    >
      Go Home
    </a>
  </div>
</div>
`;
